// Jest Snapshot v1, https://goo.gl/fbAQLP

exports[`renders correctly 1`] = `
<View
  accessible={true}
  collapsable={false}
  focusable={true}
  onClick={[Function]}
  onResponderGrant={[Function]}
  onResponderMove={[Function]}
  onResponderRelease={[Function]}
  onResponderTerminate={[Function]}
  onResponderTerminationRequest={[Function]}
  onStartShouldSetResponder={[Function]}
  style={
    Object {
      "borderColor": "#EDEFF7",
      "borderRadius": 20,
      "borderWidth": 3,
      "justifyContent": "space-between",
      "opacity": 1,
      "overflow": "hidden",
    }
  }
>
  <View
    style={
      Object {
        "alignItems": "center",
        "flexDirection": "row",
        "justifyContent": "space-between",
        "padding": 12,
      }
    }
  >
    <Text
      style={
        Object {
          "color": "#53668E",
          "fontFamily": "SF-Pro-Display-Bold",
          "fontSize": 16,
        }
      }
    >
      Water
    </Text>
    <SvgMock />
  </View>
  <Text>
    Test Feature Layout
  </Text>
  <View
    style={
      Object {
        "flexDirection": "row",
        "padding": 12,
      }
    }
  >
    <Text
      style={
        Object {
          "color": "#5142AB",
          "fontFamily": "SF-Pro-Display-Bold",
          "fontSize": 16,
          "lineHeight": 24,
        }
      }
    >
      1.0
    </Text>
    <Text
      style={
        Object {
          "color": "#A274CD",
          "fontFamily": "SF-Pro-Display-Regular",
          "fontSize": 12,
          "lineHeight": 22,
          "marginLeft": 4,
        }
      }
    >
      liters
    </Text>
  </View>
</View>
`;
